// Jest Snapshot v1, https://goo.gl/fbAQLP

exports[`RepoList component Render PureRepoList component. 1`] = `
<div
  className="sc-bdVaJa center f4 justify-center pt4 sc-bwzfXH gYCEQ"
>
  <ol
    className="mw7-ns"
  >
    <li
      className="flex fw7 lh-copy"
    >
      <div
        className="flex-nowrap flex-auto sc-bdVaJa ffawrJ"
        fontFamily="mono"
      >
        Image
      </div>
      <div
        className="flex justify-end sc-bdVaJa ffawrJ"
        fontFamily="mono"
      >
        Pulls
      </div>
    </li>
    <li
      className="flex lh-copy pt2 pb3"
      style={
        Object {
          "borderBottom": "1px rgba( 0, 0, 0, 0.1) solid",
        }
      }
    >
      <div
        className="css-vurnku"
      >
        <a
          className="flex-nowrap inline-flex primary sc-bdVaJa gGpyvt"
          color="primary"
          href="https://hub.docker.com/r/jessestuart/owntracks"
        >
          <div
            className="fw5 pr2 sc-bdVaJa ffawrJ"
            fontFamily="mono"
          >
            owntracks
          </div>
        </a>
        <div
          className="lh-title pv2 sc-bdVaJa gtVQmG"
        >
          OwnTracks. Multiarch. ðŸ‘Œ
        </div>
        <div
          className="flex flex-column f6 justify-start no-underline sc-bdVaJa dccKGS"
          color="textMuted"
          fontFamily="sans"
        >
          Updated 
          4 days ago
        </div>
      </div>
      <div
        className="flex flex-auto justify-end pl4 sc-bdVaJa ffawrJ"
        fontFamily="mono"
      >
        488,928
      </div>
    </li>
    <li
      className="flex lh-copy pt2 pb3"
      style={
        Object {
          "borderBottom": "1px rgba( 0, 0, 0, 0.1) solid",
        }
      }
    >
      <div
        className="css-vurnku"
      >
        <a
          className="flex-nowrap inline-flex primary sc-bdVaJa gGpyvt"
          color="primary"
          href="https://hub.docker.com/r/jessestuart/caddy"
        >
          <div
            className="fw5 pr2 sc-bdVaJa ffawrJ"
            fontFamily="mono"
          >
            caddy
          </div>
        </a>
        <div
          className="lh-title pv2 sc-bdVaJa gtVQmG"
        >
          The every(wo)man's reverse proxy, on all your boxes or boards. amd64, arm64, & armhf nightly builds.
        </div>
        <div
          className="flex flex-column f6 justify-start no-underline sc-bdVaJa dccKGS"
          color="textMuted"
          fontFamily="sans"
        >
          Updated 
          4 days ago
        </div>
      </div>
      <div
        className="flex flex-auto justify-end pl4 sc-bdVaJa ffawrJ"
        fontFamily="mono"
      >
        363,037
      </div>
    </li>
    <li
      className="flex lh-copy pt2 pb3"
      style={
        Object {
          "borderBottom": "1px rgba( 0, 0, 0, 0.1) solid",
        }
      }
    >
      <div
        className="css-vurnku"
      >
        <a
          className="flex-nowrap inline-flex primary sc-bdVaJa gGpyvt"
          color="primary"
          href="https://hub.docker.com/r/jessestuart/tiller"
        >
          <div
            className="fw5 pr2 sc-bdVaJa ffawrJ"
            fontFamily="mono"
          >
            tiller
          </div>
        </a>
        <div
          className="lh-title pv2 sc-bdVaJa gtVQmG"
        >
          Nightly multi-architecture (amd64, arm64, armv7) builds for the Kubernetes Helm tiller service.
        </div>
        <div
          className="flex flex-column f6 justify-start no-underline sc-bdVaJa dccKGS"
          color="textMuted"
          fontFamily="sans"
        >
          Updated 
          4 days ago
        </div>
      </div>
      <div
        className="flex flex-auto justify-end pl4 sc-bdVaJa ffawrJ"
        fontFamily="mono"
      >
        334,292
      </div>
    </li>
    <li
      className="flex lh-copy pt2 pb3"
      style={
        Object {
          "borderBottom": "1px rgba( 0, 0, 0, 0.1) solid",
        }
      }
    >
      <div
        className="css-vurnku"
      >
        <a
          className="flex-nowrap inline-flex primary sc-bdVaJa gGpyvt"
          color="primary"
          href="https://hub.docker.com/r/jessestuart/renovate"
        >
          <div
            className="fw5 pr2 sc-bdVaJa ffawrJ"
            fontFamily="mono"
          >
            renovate
          </div>
        </a>
        <div
          className="lh-title pv2 sc-bdVaJa gtVQmG"
        >
          All the dependencies, up-to-date, all the time. Nightly multiarch builds. (amd64 + arm64)
        </div>
        <div
          className="flex flex-column f6 justify-start no-underline sc-bdVaJa dccKGS"
          color="textMuted"
          fontFamily="sans"
        >
          Updated 
          4 days ago
        </div>
      </div>
      <div
        className="flex flex-auto justify-end pl4 sc-bdVaJa ffawrJ"
        fontFamily="mono"
      >
        143,411
      </div>
    </li>
    <li
      className="flex lh-copy pt2 pb3"
      style={
        Object {
          "borderBottom": "1px rgba( 0, 0, 0, 0.1) solid",
        }
      }
    >
      <div
        className="css-vurnku"
      >
        <a
          className="flex-nowrap inline-flex primary sc-bdVaJa gGpyvt"
          color="primary"
          href="https://hub.docker.com/r/jessestuart/minio"
        >
          <div
            className="fw5 pr2 sc-bdVaJa ffawrJ"
            fontFamily="mono"
          >
            minio
          </div>
        </a>
        <div
          className="lh-title pv2 sc-bdVaJa gtVQmG"
        >
          Minio server â€” supports arm (arm32v6, arm32v7, armhf) arm64 (aarch64), and amd64 architectures.
        </div>
        <div
          className="flex flex-column f6 justify-start no-underline sc-bdVaJa dccKGS"
          color="textMuted"
          fontFamily="sans"
        >
          Updated 
          4 days ago
        </div>
      </div>
      <div
        className="flex flex-auto justify-end pl4 sc-bdVaJa ffawrJ"
        fontFamily="mono"
      >
        74,819
      </div>
    </li>
    <li
      className="flex lh-copy pt2 pb3"
      style={
        Object {
          "borderBottom": "1px rgba( 0, 0, 0, 0.1) solid",
        }
      }
    >
      <div
        className="css-vurnku"
      >
        <a
          className="flex-nowrap inline-flex primary sc-bdVaJa gGpyvt"
          color="primary"
          href="https://hub.docker.com/r/jessestuart/grafana"
        >
          <div
            className="fw5 pr2 sc-bdVaJa ffawrJ"
            fontFamily="mono"
          >
            grafana
          </div>
        </a>
        <div
          className="lh-title pv2 sc-bdVaJa gtVQmG"
        >
          An OSS metrics dashboard and graph editor for Graphite, Elasticsearch, Prometheus and InfluxDB.
        </div>
        <div
          className="flex flex-column f6 justify-start no-underline sc-bdVaJa dccKGS"
          color="textMuted"
          fontFamily="sans"
        >
          Updated 
          4 days ago
        </div>
      </div>
      <div
        className="flex flex-auto justify-end pl4 sc-bdVaJa ffawrJ"
        fontFamily="mono"
      >
        52,737
      </div>
    </li>
    <li
      className="flex lh-copy pt2 pb3"
      style={
        Object {
          "borderBottom": "1px rgba( 0, 0, 0, 0.1) solid",
        }
      }
    >
      <div
        className="css-vurnku"
      >
        <a
          className="flex-nowrap inline-flex primary sc-bdVaJa gGpyvt"
          color="primary"
          href="https://hub.docker.com/r/jessestuart/mc"
        >
          <div
            className="fw5 pr2 sc-bdVaJa ffawrJ"
            fontFamily="mono"
          >
            mc
          </div>
        </a>
        <div
          className="lh-title pv2 sc-bdVaJa gtVQmG"
        >
          amd64, arm64, and armhf Docker images for Minio Client.
        </div>
        <div
          className="flex flex-column f6 justify-start no-underline sc-bdVaJa dccKGS"
          color="textMuted"
          fontFamily="sans"
        >
          Updated 
          4 days ago
        </div>
      </div>
      <div
        className="flex flex-auto justify-end pl4 sc-bdVaJa ffawrJ"
        fontFamily="mono"
      >
        45,199
      </div>
    </li>
    <li
      className="flex lh-copy pt2 pb3"
      style={
        Object {
          "borderBottom": "1px rgba( 0, 0, 0, 0.1) solid",
        }
      }
    >
      <div
        className="css-vurnku"
      >
        <a
          className="flex-nowrap inline-flex primary sc-bdVaJa gGpyvt"
          color="primary"
          href="https://hub.docker.com/r/jessestuart/fluent-bit"
        >
          <div
            className="fw5 pr2 sc-bdVaJa ffawrJ"
            fontFamily="mono"
          >
            fluent-bit
          </div>
        </a>
        <div
          className="lh-title pv2 sc-bdVaJa gtVQmG"
        >
          Multiarch (ARM, ARM64, AMD64) fluent-bit image. Nightly builds from master. Telemetry FTW.
        </div>
        <div
          className="flex flex-column f6 justify-start no-underline sc-bdVaJa dccKGS"
          color="textMuted"
          fontFamily="sans"
        >
          Updated 
          4 days ago
        </div>
      </div>
      <div
        className="flex flex-auto justify-end pl4 sc-bdVaJa ffawrJ"
        fontFamily="mono"
      >
        38,773
      </div>
    </li>
    <li
      className="flex lh-copy pt2 pb3"
      style={
        Object {
          "borderBottom": "1px rgba( 0, 0, 0, 0.1) solid",
        }
      }
    >
      <div
        className="css-vurnku"
      >
        <a
          className="flex-nowrap inline-flex primary sc-bdVaJa gGpyvt"
          color="primary"
          href="https://hub.docker.com/r/jessestuart/unifi_exporter"
        >
          <div
            className="fw5 pr2 sc-bdVaJa ffawrJ"
            fontFamily="mono"
          >
            unifi_exporter
          </div>
        </a>
        <div
          className="lh-title pv2 sc-bdVaJa gtVQmG"
        >
          Multi-arch (AMD, ARM, ARM64) image for scraping data from a Unifi controller.
        </div>
        <div
          className="flex flex-column f6 justify-start no-underline sc-bdVaJa dccKGS"
          color="textMuted"
          fontFamily="sans"
        >
          Updated 
          4 days ago
        </div>
      </div>
      <div
        className="flex flex-auto justify-end pl4 sc-bdVaJa ffawrJ"
        fontFamily="mono"
      >
        37,002
      </div>
    </li>
    <li
      className="flex lh-copy pt2 pb3"
      style={
        Object {
          "borderBottom": "1px rgba( 0, 0, 0, 0.1) solid",
        }
      }
    >
      <div
        className="css-vurnku"
      >
        <a
          className="flex-nowrap inline-flex primary sc-bdVaJa gGpyvt"
          color="primary"
          href="https://hub.docker.com/r/jessestuart/velero"
        >
          <div
            className="fw5 pr2 sc-bdVaJa ffawrJ"
            fontFamily="mono"
          >
            velero
          </div>
        </a>
        <div
          className="lh-title pv2 sc-bdVaJa gtVQmG"
        >
          Nightly multiarch (arm64, armhf, amd64) builds of Heptio Velero for Kubernetes.
        </div>
        <div
          className="flex flex-column f6 justify-start no-underline sc-bdVaJa dccKGS"
          color="textMuted"
          fontFamily="sans"
        >
          Updated 
          4 days ago
        </div>
      </div>
      <div
        className="flex flex-auto justify-end pl4 sc-bdVaJa ffawrJ"
        fontFamily="mono"
      >
        36,417
      </div>
    </li>
    <li
      className="flex lh-copy pt2 pb3"
      style={
        Object {
          "borderBottom": "1px rgba( 0, 0, 0, 0.1) solid",
        }
      }
    >
      <div
        className="css-vurnku"
      >
        <a
          className="flex-nowrap inline-flex primary sc-bdVaJa gGpyvt"
          color="primary"
          href="https://hub.docker.com/r/jessestuart/ark"
        >
          <div
            className="fw5 pr2 sc-bdVaJa ffawrJ"
            fontFamily="mono"
          >
            ark
          </div>
        </a>
        <div
          className="lh-title pv2 sc-bdVaJa gtVQmG"
        >
          Nightly multiarch (arm64, armhf, amd64) builds of Heptio's ark.
        </div>
        <div
          className="flex flex-column f6 justify-start no-underline sc-bdVaJa dccKGS"
          color="textMuted"
          fontFamily="sans"
        >
          Updated 
          4 days ago
        </div>
      </div>
      <div
        className="flex flex-auto justify-end pl4 sc-bdVaJa ffawrJ"
        fontFamily="mono"
      >
        23,236
      </div>
    </li>
    <li
      className="flex lh-copy pt2 pb3"
      style={
        Object {
          "borderBottom": "1px rgba( 0, 0, 0, 0.1) solid",
        }
      }
    >
      <div
        className="css-vurnku"
      >
        <a
          className="flex-nowrap inline-flex primary sc-bdVaJa gGpyvt"
          color="primary"
          href="https://hub.docker.com/r/jessestuart/kube-local-volume-provisioner"
        >
          <div
            className="fw5 pr2 sc-bdVaJa ffawrJ"
            fontFamily="mono"
          >
            kube-local-volume-provisioner
          </div>
        </a>
        <div
          className="lh-title pv2 sc-bdVaJa gtVQmG"
        >
          A local PV represents a local disk directly-attached to a Node. This reached GA in 1.14.
        </div>
        <div
          className="flex flex-column f6 justify-start no-underline sc-bdVaJa dccKGS"
          color="textMuted"
          fontFamily="sans"
        >
          Updated 
          4 days ago
        </div>
      </div>
      <div
        className="flex flex-auto justify-end pl4 sc-bdVaJa ffawrJ"
        fontFamily="mono"
      >
        17,476
      </div>
    </li>
    <li
      className="flex lh-copy pt2 pb3"
      style={
        Object {
          "borderBottom": "1px rgba( 0, 0, 0, 0.1) solid",
        }
      }
    >
      <div
        className="css-vurnku"
      >
        <a
          className="flex-nowrap inline-flex primary sc-bdVaJa gGpyvt"
          color="primary"
          href="https://hub.docker.com/r/jessestuart/kube2iam"
        >
          <div
            className="fw5 pr2 sc-bdVaJa ffawrJ"
            fontFamily="mono"
          >
            kube2iam
          </div>
        </a>
        <div
          className="lh-title pv2 sc-bdVaJa gtVQmG"
        >
          kube2iam provides different AWS IAM roles for pods running on Kubernetes.
 Nightly multiarch builds.
        </div>
        <div
          className="flex flex-column f6 justify-start no-underline sc-bdVaJa dccKGS"
          color="textMuted"
          fontFamily="sans"
        >
          Updated 
          4 days ago
        </div>
      </div>
      <div
        className="flex flex-auto justify-end pl4 sc-bdVaJa ffawrJ"
        fontFamily="mono"
      >
        11,239
      </div>
    </li>
    <li
      className="flex lh-copy pt2 pb3"
      style={
        Object {
          "borderBottom": "1px rgba( 0, 0, 0, 0.1) solid",
        }
      }
    >
      <div
        className="css-vurnku"
      >
        <a
          className="flex-nowrap inline-flex primary sc-bdVaJa gGpyvt"
          color="primary"
          href="https://hub.docker.com/r/jessestuart/elasticsearch_exporter"
        >
          <div
            className="fw5 pr2 sc-bdVaJa ffawrJ"
            fontFamily="mono"
          >
            elasticsearch_exporter
          </div>
        </a>
        <div
          className="lh-title pv2 sc-bdVaJa gtVQmG"
        >
          
        </div>
        <div
          className="flex flex-column f6 justify-start no-underline sc-bdVaJa dccKGS"
          color="textMuted"
          fontFamily="sans"
        >
          Updated 
          4 days ago
        </div>
      </div>
      <div
        className="flex flex-auto justify-end pl4 sc-bdVaJa ffawrJ"
        fontFamily="mono"
      >
        10,668
      </div>
    </li>
    <li
      className="flex lh-copy pt2 pb3"
      style={
        Object {
          "borderBottom": "1px rgba( 0, 0, 0, 0.1) solid",
        }
      }
    >
      <div
        className="css-vurnku"
      >
        <a
          className="flex-nowrap inline-flex primary sc-bdVaJa gGpyvt"
          color="primary"
          href="https://hub.docker.com/r/jessestuart/docker-hub-exporter"
        >
          <div
            className="fw5 pr2 sc-bdVaJa ffawrJ"
            fontFamily="mono"
          >
            docker-hub-exporter
          </div>
        </a>
        <div
          className="lh-title pv2 sc-bdVaJa gtVQmG"
        >
          
        </div>
        <div
          className="flex flex-column f6 justify-start no-underline sc-bdVaJa dccKGS"
          color="textMuted"
          fontFamily="sans"
        >
          Updated 
          4 days ago
        </div>
      </div>
      <div
        className="flex flex-auto justify-end pl4 sc-bdVaJa ffawrJ"
        fontFamily="mono"
      >
        8,596
      </div>
    </li>
    <li
      className="flex lh-copy pt2 pb3"
      style={
        Object {
          "borderBottom": "1px rgba( 0, 0, 0, 0.1) solid",
        }
      }
    >
      <div
        className="css-vurnku"
      >
        <a
          className="flex-nowrap inline-flex primary sc-bdVaJa gGpyvt"
          color="primary"
          href="https://hub.docker.com/r/jessestuart/consul"
        >
          <div
            className="fw5 pr2 sc-bdVaJa ffawrJ"
            fontFamily="mono"
          >
            consul
          </div>
        </a>
        <div
          className="lh-title pv2 sc-bdVaJa gtVQmG"
        >
          
        </div>
        <div
          className="flex flex-column f6 justify-start no-underline sc-bdVaJa dccKGS"
          color="textMuted"
          fontFamily="sans"
        >
          Updated 
          4 days ago
        </div>
      </div>
      <div
        className="flex flex-auto justify-end pl4 sc-bdVaJa ffawrJ"
        fontFamily="mono"
      >
        5,189
      </div>
    </li>
    <li
      className="flex lh-copy pt2 pb3"
      style={
        Object {
          "borderBottom": "1px rgba( 0, 0, 0, 0.1) solid",
        }
      }
    >
      <div
        className="css-vurnku"
      >
        <a
          className="flex-nowrap inline-flex primary sc-bdVaJa gGpyvt"
          color="primary"
          href="https://hub.docker.com/r/jessestuart/homemaker"
        >
          <div
            className="fw5 pr2 sc-bdVaJa ffawrJ"
            fontFamily="mono"
          >
            homemaker
          </div>
        </a>
        <div
          className="lh-title pv2 sc-bdVaJa gtVQmG"
        >
          
        </div>
        <div
          className="flex flex-column f6 justify-start no-underline sc-bdVaJa dccKGS"
          color="textMuted"
          fontFamily="sans"
        >
          Updated 
          4 days ago
        </div>
      </div>
      <div
        className="flex flex-auto justify-end pl4 sc-bdVaJa ffawrJ"
        fontFamily="mono"
      >
        4,527
      </div>
    </li>
    <li
      className="flex lh-copy pt2 pb3"
      style={
        Object {
          "borderBottom": "1px rgba( 0, 0, 0, 0.1) solid",
        }
      }
    >
      <div
        className="css-vurnku"
      >
        <a
          className="flex-nowrap inline-flex primary sc-bdVaJa gGpyvt"
          color="primary"
          href="https://hub.docker.com/r/jessestuart/lmsensors_exporter"
        >
          <div
            className="fw5 pr2 sc-bdVaJa ffawrJ"
            fontFamily="mono"
          >
            lmsensors_exporter
          </div>
        </a>
        <div
          className="lh-title pv2 sc-bdVaJa gtVQmG"
        >
          
        </div>
        <div
          className="flex flex-column f6 justify-start no-underline sc-bdVaJa dccKGS"
          color="textMuted"
          fontFamily="sans"
        >
          Updated 
          4 days ago
        </div>
      </div>
      <div
        className="flex flex-auto justify-end pl4 sc-bdVaJa ffawrJ"
        fontFamily="mono"
      >
        3,293
      </div>
    </li>
    <li
      className="flex lh-copy pt2 pb3"
      style={
        Object {
          "borderBottom": "1px rgba( 0, 0, 0, 0.1) solid",
        }
      }
    >
      <div
        className="css-vurnku"
      >
        <a
          className="flex-nowrap inline-flex primary sc-bdVaJa gGpyvt"
          color="primary"
          href="https://hub.docker.com/r/jessestuart/pihole_exporter"
        >
          <div
            className="fw5 pr2 sc-bdVaJa ffawrJ"
            fontFamily="mono"
          >
            pihole_exporter
          </div>
        </a>
        <div
          className="lh-title pv2 sc-bdVaJa gtVQmG"
        >
          
        </div>
        <div
          className="flex flex-column f6 justify-start no-underline sc-bdVaJa dccKGS"
          color="textMuted"
          fontFamily="sans"
        >
          Updated 
          4 days ago
        </div>
      </div>
      <div
        className="flex flex-auto justify-end pl4 sc-bdVaJa ffawrJ"
        fontFamily="mono"
      >
        3,271
      </div>
    </li>
    <li
      className="flex lh-copy pt2 pb3"
      style={
        Object {
          "borderBottom": "1px rgba( 0, 0, 0, 0.1) solid",
        }
      }
    >
      <div
        className="css-vurnku"
      >
        <a
          className="flex-nowrap inline-flex primary sc-bdVaJa gGpyvt"
          color="primary"
          href="https://hub.docker.com/r/jessestuart/prometheus-operator"
        >
          <div
            className="fw5 pr2 sc-bdVaJa ffawrJ"
            fontFamily="mono"
          >
            prometheus-operator
          </div>
        </a>
        <div
          className="lh-title pv2 sc-bdVaJa gtVQmG"
        >
          
        </div>
        <div
          className="flex flex-column f6 justify-start no-underline sc-bdVaJa dccKGS"
          color="textMuted"
          fontFamily="sans"
        >
          Updated 
          4 days ago
        </div>
      </div>
      <div
        className="flex flex-auto justify-end pl4 sc-bdVaJa ffawrJ"
        fontFamily="mono"
      >
        3,147
      </div>
    </li>
    <li
      className="flex lh-copy pt2 pb3"
      style={
        Object {
          "borderBottom": "1px rgba( 0, 0, 0, 0.1) solid",
        }
      }
    >
      <div
        className="css-vurnku"
      >
        <a
          className="flex-nowrap inline-flex primary sc-bdVaJa gGpyvt"
          color="primary"
          href="https://hub.docker.com/r/jessestuart/fluent-bit-builder"
        >
          <div
            className="fw5 pr2 sc-bdVaJa ffawrJ"
            fontFamily="mono"
          >
            fluent-bit-builder
          </div>
        </a>
        <div
          className="lh-title pv2 sc-bdVaJa gtVQmG"
        >
          
        </div>
        <div
          className="flex flex-column f6 justify-start no-underline sc-bdVaJa dccKGS"
          color="textMuted"
          fontFamily="sans"
        >
          Updated 
          4 days ago
        </div>
      </div>
      <div
        className="flex flex-auto justify-end pl4 sc-bdVaJa ffawrJ"
        fontFamily="mono"
      >
        2,826
      </div>
    </li>
    <li
      className="flex lh-copy pt2 pb3"
      style={
        Object {
          "borderBottom": "1px rgba( 0, 0, 0, 0.1) solid",
        }
      }
    >
      <div
        className="css-vurnku"
      >
        <a
          className="flex-nowrap inline-flex primary sc-bdVaJa gGpyvt"
          color="primary"
          href="https://hub.docker.com/r/jessestuart/caddy-cloudflare"
        >
          <div
            className="fw5 pr2 sc-bdVaJa ffawrJ"
            fontFamily="mono"
          >
            caddy-cloudflare
          </div>
        </a>
        <div
          className="lh-title pv2 sc-bdVaJa gtVQmG"
        >
          Caddy w/ Cloudflare plugin included. [NOTE: use jessestuart/caddy instead for nightly builds!] 
        </div>
        <div
          className="flex flex-column f6 justify-start no-underline sc-bdVaJa dccKGS"
          color="textMuted"
          fontFamily="sans"
        >
          Updated 
          4 days ago
        </div>
      </div>
      <div
        className="flex flex-auto justify-end pl4 sc-bdVaJa ffawrJ"
        fontFamily="mono"
      >
        2,824
      </div>
    </li>
    <li
      className="flex lh-copy pt2 pb3"
      style={
        Object {
          "borderBottom": "1px rgba( 0, 0, 0, 0.1) solid",
        }
      }
    >
      <div
        className="css-vurnku"
      >
        <a
          className="flex-nowrap inline-flex primary sc-bdVaJa gGpyvt"
          color="primary"
          href="https://hub.docker.com/r/jessestuart/vagrant-build-base"
        >
          <div
            className="fw5 pr2 sc-bdVaJa ffawrJ"
            fontFamily="mono"
          >
            vagrant-build-base
          </div>
        </a>
        <div
          className="lh-title pv2 sc-bdVaJa gtVQmG"
        >
          
        </div>
        <div
          className="flex flex-column f6 justify-start no-underline sc-bdVaJa dccKGS"
          color="textMuted"
          fontFamily="sans"
        >
          Updated 
          4 days ago
        </div>
      </div>
      <div
        className="flex flex-auto justify-end pl4 sc-bdVaJa ffawrJ"
        fontFamily="mono"
      >
        2,509
      </div>
    </li>
    <li
      className="flex lh-copy pt2 pb3"
      style={
        Object {
          "borderBottom": "1px rgba( 0, 0, 0, 0.1) solid",
        }
      }
    >
      <div
        className="css-vurnku"
      >
        <a
          className="flex-nowrap inline-flex primary sc-bdVaJa gGpyvt"
          color="primary"
          href="https://hub.docker.com/r/jessestuart/prometheus-config-reloader"
        >
          <div
            className="fw5 pr2 sc-bdVaJa ffawrJ"
            fontFamily="mono"
          >
            prometheus-config-reloader
          </div>
        </a>
        <div
          className="lh-title pv2 sc-bdVaJa gtVQmG"
        >
          
        </div>
        <div
          className="flex flex-column f6 justify-start no-underline sc-bdVaJa dccKGS"
          color="textMuted"
          fontFamily="sans"
        >
          Updated 
          4 days ago
        </div>
      </div>
      <div
        className="flex flex-auto justify-end pl4 sc-bdVaJa ffawrJ"
        fontFamily="mono"
      >
        2,063
      </div>
    </li>
    <li
      className="flex lh-copy pt2 pb3"
      style={
        Object {
          "borderBottom": "1px rgba( 0, 0, 0, 0.1) solid",
        }
      }
    >
      <div
        className="css-vurnku"
      >
        <a
          className="flex-nowrap inline-flex primary sc-bdVaJa gGpyvt"
          color="primary"
          href="https://hub.docker.com/r/jessestuart/node_exporter"
        >
          <div
            className="fw5 pr2 sc-bdVaJa ffawrJ"
            fontFamily="mono"
          >
            node_exporter
          </div>
        </a>
        <div
          className="lh-title pv2 sc-bdVaJa gtVQmG"
        >
          
        </div>
        <div
          className="flex flex-column f6 justify-start no-underline sc-bdVaJa dccKGS"
          color="textMuted"
          fontFamily="sans"
        >
          Updated 
          4 days ago
        </div>
      </div>
      <div
        className="flex flex-auto justify-end pl4 sc-bdVaJa ffawrJ"
        fontFamily="mono"
      >
        1,852
      </div>
    </li>
    <li
      className="flex lh-copy pt2 pb3"
      style={
        Object {
          "borderBottom": "1px rgba( 0, 0, 0, 0.1) solid",
        }
      }
    >
      <div
        className="css-vurnku"
      >
        <a
          className="flex-nowrap inline-flex primary sc-bdVaJa gGpyvt"
          color="primary"
          href="https://hub.docker.com/r/jessestuart/helm-exporter"
        >
          <div
            className="fw5 pr2 sc-bdVaJa ffawrJ"
            fontFamily="mono"
          >
            helm-exporter
          </div>
        </a>
        <div
          className="lh-title pv2 sc-bdVaJa gtVQmG"
        >
          
        </div>
        <div
          className="flex flex-column f6 justify-start no-underline sc-bdVaJa dccKGS"
          color="textMuted"
          fontFamily="sans"
        >
          Updated 
          4 days ago
        </div>
      </div>
      <div
        className="flex flex-auto justify-end pl4 sc-bdVaJa ffawrJ"
        fontFamily="mono"
      >
        1,528
      </div>
    </li>
    <li
      className="flex lh-copy pt2 pb3"
      style={
        Object {
          "borderBottom": "1px rgba( 0, 0, 0, 0.1) solid",
        }
      }
    >
      <div
        className="css-vurnku"
      >
        <a
          className="flex-nowrap inline-flex primary sc-bdVaJa gGpyvt"
          color="primary"
          href="https://hub.docker.com/r/jessestuart/elasticsearch-kubernetes"
        >
          <div
            className="fw5 pr2 sc-bdVaJa ffawrJ"
            fontFamily="mono"
          >
            elasticsearch-kubernetes
          </div>
        </a>
        <div
          className="lh-title pv2 sc-bdVaJa gtVQmG"
        >
          
        </div>
        <div
          className="flex flex-column f6 justify-start no-underline sc-bdVaJa dccKGS"
          color="textMuted"
          fontFamily="sans"
        >
          Updated 
          4 days ago
        </div>
      </div>
      <div
        className="flex flex-auto justify-end pl4 sc-bdVaJa ffawrJ"
        fontFamily="mono"
      >
        1,007
      </div>
    </li>
    <li
      className="flex lh-copy pt2 pb3"
      style={
        Object {
          "borderBottom": "1px rgba( 0, 0, 0, 0.1) solid",
        }
      }
    >
      <div
        className="css-vurnku"
      >
        <a
          className="flex-nowrap inline-flex primary sc-bdVaJa gGpyvt"
          color="primary"
          href="https://hub.docker.com/r/jessestuart/adguard-home"
        >
          <div
            className="fw5 pr2 sc-bdVaJa ffawrJ"
            fontFamily="mono"
          >
            adguard-home
          </div>
        </a>
        <div
          className="lh-title pv2 sc-bdVaJa gtVQmG"
        >
          
        </div>
        <div
          className="flex flex-column f6 justify-start no-underline sc-bdVaJa dccKGS"
          color="textMuted"
          fontFamily="sans"
        >
          Updated 
          4 days ago
        </div>
      </div>
      <div
        className="flex flex-auto justify-end pl4 sc-bdVaJa ffawrJ"
        fontFamily="mono"
      >
        713
      </div>
    </li>
    <li
      className="flex lh-copy pt2 pb3"
      style={
        Object {
          "borderBottom": "1px rgba( 0, 0, 0, 0.1) solid",
        }
      }
    >
      <div
        className="css-vurnku"
      >
        <a
          className="flex-nowrap inline-flex primary sc-bdVaJa gGpyvt"
          color="primary"
          href="https://hub.docker.com/r/jessestuart/drone-server"
        >
          <div
            className="fw5 pr2 sc-bdVaJa ffawrJ"
            fontFamily="mono"
          >
            drone-server
          </div>
        </a>
        <div
          className="lh-title pv2 sc-bdVaJa gtVQmG"
        >
          
        </div>
        <div
          className="flex flex-column f6 justify-start no-underline sc-bdVaJa dccKGS"
          color="textMuted"
          fontFamily="sans"
        >
          Updated 
          4 days ago
        </div>
      </div>
      <div
        className="flex flex-auto justify-end pl4 sc-bdVaJa ffawrJ"
        fontFamily="mono"
      >
        630
      </div>
    </li>
    <li
      className="flex lh-copy pt2 pb3"
      style={
        Object {
          "borderBottom": "1px rgba( 0, 0, 0, 0.1) solid",
        }
      }
    >
      <div
        className="css-vurnku"
      >
        <a
          className="flex-nowrap inline-flex primary sc-bdVaJa gGpyvt"
          color="primary"
          href="https://hub.docker.com/r/jessestuart/docker-registry"
        >
          <div
            className="fw5 pr2 sc-bdVaJa ffawrJ"
            fontFamily="mono"
          >
            docker-registry
          </div>
        </a>
        <div
          className="lh-title pv2 sc-bdVaJa gtVQmG"
        >
          
        </div>
        <div
          className="flex flex-column f6 justify-start no-underline sc-bdVaJa dccKGS"
          color="textMuted"
          fontFamily="sans"
        >
          Updated 
          4 days ago
        </div>
      </div>
      <div
        className="flex flex-auto justify-end pl4 sc-bdVaJa ffawrJ"
        fontFamily="mono"
      >
        621
      </div>
    </li>
    <li
      className="flex lh-copy pt2 pb3"
      style={
        Object {
          "borderBottom": "1px rgba( 0, 0, 0, 0.1) solid",
        }
      }
    >
      <div
        className="css-vurnku"
      >
        <a
          className="flex-nowrap inline-flex primary sc-bdVaJa gGpyvt"
          color="primary"
          href="https://hub.docker.com/r/jessestuart/jenkins"
        >
          <div
            className="fw5 pr2 sc-bdVaJa ffawrJ"
            fontFamily="mono"
          >
            jenkins
          </div>
        </a>
        <div
          className="lh-title pv2 sc-bdVaJa gtVQmG"
        >
          
        </div>
        <div
          className="flex flex-column f6 justify-start no-underline sc-bdVaJa dccKGS"
          color="textMuted"
          fontFamily="sans"
        >
          Updated 
          4 days ago
        </div>
      </div>
      <div
        className="flex flex-auto justify-end pl4 sc-bdVaJa ffawrJ"
        fontFamily="mono"
      >
        571
      </div>
    </li>
    <li
      className="flex lh-copy pt2 pb3"
      style={
        Object {
          "borderBottom": "1px rgba( 0, 0, 0, 0.1) solid",
        }
      }
    >
      <div
        className="css-vurnku"
      >
        <a
          className="flex-nowrap inline-flex primary sc-bdVaJa gGpyvt"
          color="primary"
          href="https://hub.docker.com/r/jessestuart/jesses.io"
        >
          <div
            className="fw5 pr2 sc-bdVaJa ffawrJ"
            fontFamily="mono"
          >
            jesses.io
          </div>
        </a>
        <div
          className="lh-title pv2 sc-bdVaJa gtVQmG"
        >
          
        </div>
        <div
          className="flex flex-column f6 justify-start no-underline sc-bdVaJa dccKGS"
          color="textMuted"
          fontFamily="sans"
        >
          Updated 
          4 days ago
        </div>
      </div>
      <div
        className="flex flex-auto justify-end pl4 sc-bdVaJa ffawrJ"
        fontFamily="mono"
      >
        527
      </div>
    </li>
    <li
      className="flex lh-copy pt2 pb3"
      style={
        Object {
          "borderBottom": "1px rgba( 0, 0, 0, 0.1) solid",
        }
      }
    >
      <div
        className="css-vurnku"
      >
        <a
          className="flex-nowrap inline-flex primary sc-bdVaJa gGpyvt"
          color="primary"
          href="https://hub.docker.com/r/jessestuart/pihole-exporter"
        >
          <div
            className="fw5 pr2 sc-bdVaJa ffawrJ"
            fontFamily="mono"
          >
            pihole-exporter
          </div>
        </a>
        <div
          className="lh-title pv2 sc-bdVaJa gtVQmG"
        >
          
        </div>
        <div
          className="flex flex-column f6 justify-start no-underline sc-bdVaJa dccKGS"
          color="textMuted"
          fontFamily="sans"
        >
          Updated 
          4 days ago
        </div>
      </div>
      <div
        className="flex flex-auto justify-end pl4 sc-bdVaJa ffawrJ"
        fontFamily="mono"
      >
        519
      </div>
    </li>
    <li
      className="flex lh-copy pt2 pb3"
      style={
        Object {
          "borderBottom": "1px rgba( 0, 0, 0, 0.1) solid",
        }
      }
    >
      <div
        className="css-vurnku"
      >
        <a
          className="flex-nowrap inline-flex primary sc-bdVaJa gGpyvt"
          color="primary"
          href="https://hub.docker.com/r/jessestuart/alpine-essentials"
        >
          <div
            className="fw5 pr2 sc-bdVaJa ffawrJ"
            fontFamily="mono"
          >
            alpine-essentials
          </div>
        </a>
        <div
          className="lh-title pv2 sc-bdVaJa gtVQmG"
        >
          
        </div>
        <div
          className="flex flex-column f6 justify-start no-underline sc-bdVaJa dccKGS"
          color="textMuted"
          fontFamily="sans"
        >
          Updated 
          4 days ago
        </div>
      </div>
      <div
        className="flex flex-auto justify-end pl4 sc-bdVaJa ffawrJ"
        fontFamily="mono"
      >
        420
      </div>
    </li>
    <li
      className="flex lh-copy pt2 pb3"
      style={null}
    >
      <div
        className="css-vurnku"
      >
        <a
          className="flex-nowrap inline-flex primary sc-bdVaJa gGpyvt"
          color="primary"
          href="https://hub.docker.com/r/jessestuart/arm_exporter"
        >
          <div
            className="fw5 pr2 sc-bdVaJa ffawrJ"
            fontFamily="mono"
          >
            arm_exporter
          </div>
        </a>
        <div
          className="lh-title pv2 sc-bdVaJa gtVQmG"
        >
          
        </div>
        <div
          className="flex flex-column f6 justify-start no-underline sc-bdVaJa dccKGS"
          color="textMuted"
          fontFamily="sans"
        >
          Updated 
          4 days ago
        </div>
      </div>
      <div
        className="flex flex-auto justify-end pl4 sc-bdVaJa ffawrJ"
        fontFamily="mono"
      >
        255
      </div>
    </li>
  </ol>
</div>
`;

exports[`RepoList component Render RepoList component using data from apollo-client. 1`] = `null`;

exports[`RepoList component Render RepoList component with initial data. 1`] = `null`;

exports[`RepoList component Render empty PureRepoList. 1`] = `null`;
