// Jest Snapshot v1, https://goo.gl/fbAQLP

exports[`SubHeader component. 1`] = `
.c2 {
  box-sizing: border-box;
  margin: 0;
  min-width: 0;
  font-family: Alegreya;
}

.c0 {
  box-sizing: border-box;
  margin: 0;
  min-width: 0;
  display: -webkit-box;
  display: -webkit-flex;
  display: -ms-flexbox;
  display: flex;
}

.c1 {
  box-sizing: border-box;
  margin: 0;
  min-width: 0;
  -webkit-flex-direction: column;
  -ms-flex-direction: column;
  flex-direction: column;
  display: -webkit-box;
  display: -webkit-flex;
  display: -ms-flexbox;
  display: flex;
}

<div
  className="c0 pt5 pb4 bb bt b--black-10 flex justify-center pl4 pl0-ns"
>
  <div
    className="c1 lh-title"
  >
    <div
      className="c2 i justify-center center pl3"
      fontFamily="serif"
      style={
        Object {
          "borderLeft": "2px #68465b solid",
        }
      }
    >
      Cross-build so hard, muhfuckas wanna fine me;
      <br />
      (that manifest cray)
    </div>
    <div
      className="c0 justify-end"
    >
      <div
        className="c2"
        fontFamily="serif"
      >
        â€” Jay-Z, Probably
      </div>
    </div>
  </div>
</div>
`;
