// Jest Snapshot v1, https://goo.gl/fbAQLP

exports[`Render Header component. 1`] = `
<div
  className="sc-bdVaJa sc-bwzfXH edpdtm"
>
  <div
    className="justify-center items-center center mw7"
  >
    <h1
      className="ma0 mt2 f1"
    >
      <a
        className="fw3 no-underline"
        href="/true"
        onClick={[Function]}
        onMouseEnter={[Function]}
        style={
          Object {
            "letterSpacing": "-0.15rem",
            "textDecoration": "none",
          }
        }
      >
        <div
          className="sc-bdVaJa sc-htpNat dtuhmt"
          color="primary"
          fontFamily="mono"
        >
          multiar.ch
        </div>
      </a>
    </h1>
  </div>
</div>
`;
